// Jest Snapshot v1, https://goo.gl/fbAQLP

exports[`Deve renderizar o block ui corretamente Deve preservar a estrutura visual do componente 1`] = `
<div
  className="p-blockui-container"
  data-pc-name="blockui"
  data-pc-section="root"
  icon="pi-spin pi-cog"
  id={null}
  style={{}}
/>
`;
