// Jest Snapshot v1, https://goo.gl/fbAQLP

exports[`Deve renderizar os icones corretamente Deve preservar a estrutura visual do icone 1`] = `
<i
  className="a_icon pi pi-lock"
/>
`;
