// Jest Snapshot v1, https://goo.gl/fbAQLP

exports[`Deve renderizar o Label corretamente 1`] = `
<label
  className="label"
/>
`;
