// Jest Snapshot v1, https://goo.gl/fbAQLP

exports[`Deve renderizar os links corretamente Deve preservar a estrutura visual dos links 1`] = `
<a
  className="link"
  href="/"
>
  texto do link
</a>
`;
