// Jest Snapshot v1, https://goo.gl/fbAQLP

exports[`Deve renderizar o footer corretamente Deve preservar a estrutura visual do footer 1`] = `
<footer
  className="o_footer"
  id="o-footer"
>
  <div
    className="o_footer__name"
  >
    <p>
      Â© 
      2023
      <a
        className="a_link"
        href="https://matheusgomesdev.com.br"
      >
        matheusgomesdev
        .
      </a>
    </p>
  </div>
  <div
    className="o_footer__icons"
  >
    <a
      className="a_link"
      href="https://github.com/matheusgrodrigues"
    >
      <i
        className="a_icon pi pi-github"
      />
    </a>
    <a
      className="a_link"
      href="https://www.linkedin.com/in/matheusgomes/"
    >
      <i
        className="a_icon pi pi-linkedin"
      />
    </a>
  </div>
</footer>
`;
