// Jest Snapshot v1, https://goo.gl/fbAQLP

exports[`Deve renderizar o o-form-login, corretamente Deve manter a estrutura visual do componente 1`] = `
<form
  className="o_form_login"
  data-testid="o-login-form"
  onSubmit={[Function]}
>
  <div
    className="m_input_label"
    data-testid="m-input-with-label-email"
  >
    <label
      className="a_label"
      data-testid="a-label"
      htmlFor="email"
    >
      Email
    </label>
    <input
      className="p-inputtext p-component"
      data-pc-name="inputtext"
      data-pc-section="root"
      data-testid="a-input-email"
      name="email"
      onBeforeInput={[Function]}
      onBlur={[Function]}
      onChange={[Function]}
      onInput={[Function]}
      onKeyDown={[Function]}
      onPaste={[Function]}
      placeholder="Informe o seu e-mail"
      type="email"
      value=""
    />
  </div>
  <div
    className="m_input_label"
    data-testid="m-input-with-label-password"
  >
    <label
      className="a_label"
      data-testid="a-label"
      htmlFor="password"
    >
      Senha
    </label>
    <input
      className="p-inputtext p-component"
      data-pc-name="inputtext"
      data-pc-section="root"
      data-testid="a-input-password"
      name="password"
      onBeforeInput={[Function]}
      onBlur={[Function]}
      onChange={[Function]}
      onInput={[Function]}
      onKeyDown={[Function]}
      onPaste={[Function]}
      placeholder="Informe a sua senha"
      type="password"
      value=""
    />
  </div>
  <div
    className="m_checkboxWithLabel"
    data-testid="m-checkboxWithLabel"
  >
    <div
      className="p-checkbox p-component"
      data-pc-name="checkbox"
      data-pc-section="root"
      data-testid="a-checkbox"
      id="a-checkbox"
      onBlur={[Function]}
      onClick={[Function]}
      onContextMenu={null}
      onMouseDown={null}
      style={{}}
    >
      <div
        className="p-hidden-accessible"
        data-pc-section="hiddeninputwrapper"
      >
        <input
          data-pc-section="hiddeninput"
          defaultChecked={false}
          disabled={false}
          id={null}
          name="manter_logado"
          onBlur={[Function]}
          onFocus={[Function]}
          onKeyDown={[Function]}
          readOnly={false}
          required={false}
          tabIndex={null}
          type="checkbox"
        />
      </div>
      <div
        className="p-checkbox-box"
        data-p-disabled={false}
        data-p-focus={false}
        data-p-highlight={false}
        data-pc-section="input"
      />
    </div>
    <label
      className="a_label"
      data-testid="a-label"
      onClick={[Function]}
    >
      Manter-me conectado por 30 dias.
    </label>
  </div>
  <button
    className="a_button__gradient p-button p-component"
    data-pc-name="button"
    data-pc-section="root"
    data-testid="a-button"
    disabled={false}
    type="submit"
  >
    Login
  </button>
</form>
`;
