// Jest Snapshot v1, https://goo.gl/fbAQLP

exports[`Deve renderizar a pagina 401 corretamenta Deve preservar a estrutura da pagina p-401 1`] = `
<main
  className="p_401"
  data-testid="p-401"
>
  <header
    className="o_header"
    data-testid="o-header"
    id="o-header"
  >
    <a
      className="a_link"
      href="https://github.com/matheusgrodrigues"
    >
      <div
        className="p-avatar p-component p-avatar-image p-avatar-circle"
        data-pc-name="avatar"
        data-pc-section="root"
        data-testid="a-avatar"
        style={{}}
      >
        <img
          alt="avatar"
          data-pc-section="image"
          onError={[Function]}
          src="/images/a-avatar.jpeg"
        />
      </div>
    </a>
    <button
      className="a_button p-button p-component"
      data-pc-name="button"
      data-pc-section="root"
      data-testid="a-button"
      disabled={false}
      onClick={[Function]}
    >
      <i
        className="a_icon pi pi-sun"
      />
    </button>
  </header>
  <main
    className="t_401"
    data-testid="t-401"
    id="t-401"
  >
    <p
      className="a_text__fwSb_fs16_primary"
      data-testid="a-text"
    >
      401
    </p>
    <h1
      className="a_title__h1"
      data-testid="a-title"
    >
      Acesso não autorizado
    </h1>
    <p
      className="a_text__fwReg_fs16_gray500"
      data-testid="a-text"
    >
      Desculpe, você não tem permissão para acessar esta página. Por favor, verifique suas credenciais ou entre em contato com o suporte se precisar de assistência.
    </p>
    <button
      className="a_button__gradient p-button p-component"
      data-pc-name="button"
      data-pc-section="root"
      data-testid="a-button"
      disabled={false}
      onClick={[Function]}
    >
      Faça Login
    </button>
  </main>
  <div
    className="o_footer"
    id="o-footer"
  >
    <div
      className="o_footer__name"
    >
      <p>
        © 
        2023
        <a
          className="a_link"
          href="https://matheusgomesdev.com.br"
        >
          matheusgomesdev
          .
        </a>
      </p>
    </div>
    <div
      className="o_footer__icons"
    >
      <a
        className="a_link"
        href="https://github.com/matheusgrodrigues"
      >
        <i
          className="a_icon pi pi-github"
        />
      </a>
      <a
        className="a_link"
        href="https://www.linkedin.com/in/matheusgomes/"
      >
        <i
          className="a_icon pi pi-linkedin"
        />
      </a>
    </div>
  </div>
</main>
`;
