// Jest Snapshot v1, https://goo.gl/fbAQLP

exports[`Deve renderizar o o-login-title, corretamente Deve preservar a estrutura visual do componente 1`] = `
<div
  className="o_loginTitle"
  data-testid="o-login-title"
>
  <i
    className="a_icon pi pi-lock"
  />
  <h2
    className="a_title__h2"
    data-testid="a-title"
  >
    NextJS: Auth + JWT
  </h2>
  <p
    className="a_text__fwReg_fs16_gray500"
    data-testid="a-text"
  >
    Estamos felizes em vÃª-lo novamente! Insira suas credenciais para entrar.
  </p>
</div>
`;
