// Jest Snapshot v1, https://goo.gl/fbAQLP

exports[`Deve renderizar o a-label corretamente 1`] = `
<label
  className="a_label"
  data-testid="a-label"
/>
`;
