// Jest Snapshot v1, https://goo.gl/fbAQLP

exports[`Deve renderizar o a-text, corretamente Deve preservar a estrutura visual do a-text 1`] = `
<p
  data-testid="a-text"
/>
`;
