// Jest Snapshot v1, https://goo.gl/fbAQLP

exports[`Deve renderizar o a-button corretamente Deve preservar a estrutura visual do bot√£o 1`] = `null`;
